Flow report for ALU
Sun Mar 26 15:04:35 2023
Quartus II 64-Bit Version 13.0.1 Build 232 06/12/2013 Service Pack 1 SJ Web Edition


---------------------
; Table of Contents ;
---------------------
  1. Legal Notice
  2. Flow Summary
  3. Flow Settings
  4. Flow Non-Default Global Settings
  5. Flow Elapsed Time
  6. Flow OS Summary
  7. Flow Log
  8. Flow Messages
  9. Flow Suppressed Messages



----------------
; Legal Notice ;
----------------
Copyright (C) 1991-2013 Altera Corporation
Your use of Altera Corporation's design tools, logic functions 
and other software and tools, and its AMPP partner logic 
functions, and any output files from any of the foregoing 
(including device programming or simulation files), and any 
associated documentation or information are expressly subject 
to the terms and conditions of the Altera Program License 
Subscription Agreement, Altera MegaCore Function License 
Agreement, or other applicable license agreement, including, 
without limitation, that your use is for the sole purpose of 
programming logic devices manufactured by Altera and sold by 
Altera or its authorized distributors.  Please refer to the 
applicable agreement for further details.



+--------------------------------------------------------------------------------------+
; Flow Summary                                                                         ;
+------------------------------------+-------------------------------------------------+
; Flow Status                        ; Successful - Sun Mar 26 15:04:35 2023           ;
; Quartus II 64-Bit Version          ; 13.0.1 Build 232 06/12/2013 SP 1 SJ Web Edition ;
; Revision Name                      ; ALU                                             ;
; Top-level Entity Name              ; datapath                                        ;
; Family                             ; Cyclone III                                     ;
; Device                             ; EP3C16F484C6                                    ;
; Timing Models                      ; Final                                           ;
; Total logic elements               ; 7,802                                           ;
;     Total combinational functions  ; 7,089                                           ;
;     Dedicated logic registers      ; 841                                             ;
; Total registers                    ; 841                                             ;
; Total pins                         ; 1,026                                           ;
; Total virtual pins                 ; 0                                               ;
; Total memory bits                  ; 16,384                                          ;
; Embedded Multiplier 9-bit elements ; 0                                               ;
; Total PLLs                         ; 0                                               ;
+------------------------------------+-------------------------------------------------+


+-----------------------------------------+
; Flow Settings                           ;
+-------------------+---------------------+
; Option            ; Setting             ;
+-------------------+---------------------+
; Start date & time ; 03/26/2023 15:03:40 ;
; Main task         ; Compilation         ;
; Revision Name     ; ALU                 ;
+-------------------+---------------------+


+-----------------------------------------------------------------------------------------------------------------------------+
; Flow Non-Default Global Settings                                                                                            ;
+--------------------------------------+---------------------------------------+---------------+-------------+----------------+
; Assignment Name                      ; Value                                 ; Default Value ; Entity Name ; Section Id     ;
+--------------------------------------+---------------------------------------+---------------+-------------+----------------+
; COMPILER_SIGNATURE_ID                ; 132127265823887.167985742022468       ; --            ; --          ; --             ;
; EDA_DESIGN_INSTANCE_NAME             ; NA                                    ; --            ; --          ; tb3_1          ;
; EDA_DESIGN_INSTANCE_NAME             ; NA                                    ; --            ; --          ; tb3_2          ;
; EDA_DESIGN_INSTANCE_NAME             ; NA                                    ; --            ; --          ; tb3_7          ;
; EDA_DESIGN_INSTANCE_NAME             ; NA                                    ; --            ; --          ; tb3_8          ;
; EDA_DESIGN_INSTANCE_NAME             ; NA                                    ; --            ; --          ; tb3_9          ;
; EDA_DESIGN_INSTANCE_NAME             ; NA                                    ; --            ; --          ; tb3_13         ;
; EDA_DESIGN_INSTANCE_NAME             ; NA                                    ; --            ; --          ; tb3_10         ;
; EDA_DESIGN_INSTANCE_NAME             ; NA                                    ; --            ; --          ; tb3_12         ;
; EDA_DESIGN_INSTANCE_NAME             ; NA                                    ; --            ; --          ; tb3_3          ;
; EDA_DESIGN_INSTANCE_NAME             ; NA                                    ; --            ; --          ; tb3_4          ;
; EDA_DESIGN_INSTANCE_NAME             ; NA                                    ; --            ; --          ; tb3_6          ;
; EDA_DESIGN_INSTANCE_NAME             ; NA                                    ; --            ; --          ; tbdiv          ;
; EDA_DESIGN_INSTANCE_NAME             ; NA                                    ; --            ; --          ; tb3_5          ;
; EDA_DESIGN_INSTANCE_NAME             ; NA                                    ; --            ; --          ; tb3_11         ;
; EDA_DESIGN_INSTANCE_NAME             ; NA                                    ; --            ; --          ; ld_tb          ;
; EDA_DESIGN_INSTANCE_NAME             ; NA                                    ; --            ; --          ; ld2_tb         ;
; EDA_DESIGN_INSTANCE_NAME             ; NA                                    ; --            ; --          ; ldi_tb         ;
; EDA_DESIGN_INSTANCE_NAME             ; NA                                    ; --            ; --          ; ldi2_tb        ;
; EDA_DESIGN_INSTANCE_NAME             ; NA                                    ; --            ; --          ; st1_tb         ;
; EDA_DESIGN_INSTANCE_NAME             ; NA                                    ; --            ; --          ; st2_tb         ;
; EDA_DESIGN_INSTANCE_NAME             ; NA                                    ; --            ; --          ; addi_tb        ;
; EDA_DESIGN_INSTANCE_NAME             ; NA                                    ; --            ; --          ; andi_tb        ;
; EDA_DESIGN_INSTANCE_NAME             ; NA                                    ; --            ; --          ; ori_tb         ;
; EDA_DESIGN_INSTANCE_NAME             ; NA                                    ; --            ; --          ; brzr_tb        ;
; EDA_DESIGN_INSTANCE_NAME             ; NA                                    ; --            ; --          ; jr_tb          ;
; EDA_DESIGN_INSTANCE_NAME             ; NA                                    ; --            ; --          ; jal_tb         ;
; EDA_DESIGN_INSTANCE_NAME             ; NA                                    ; --            ; --          ; mfhi_tb        ;
; EDA_DESIGN_INSTANCE_NAME             ; NA                                    ; --            ; --          ; mflo_tb        ;
; EDA_DESIGN_INSTANCE_NAME             ; NA                                    ; --            ; --          ; out_tb         ;
; EDA_DESIGN_INSTANCE_NAME             ; NA                                    ; --            ; --          ; in_tb          ;
; EDA_DESIGN_INSTANCE_NAME             ; NA                                    ; --            ; --          ; brnz_tb        ;
; EDA_DESIGN_INSTANCE_NAME             ; NA                                    ; --            ; --          ; brpl_tb        ;
; EDA_DESIGN_INSTANCE_NAME             ; NA                                    ; --            ; --          ; brmi_tb        ;
; EDA_NATIVELINK_SIMULATION_TEST_BENCH ; ldi2_tb                               ; --            ; --          ; eda_simulation ;
; EDA_OUTPUT_DATA_FORMAT               ; Vhdl                                  ; --            ; --          ; eda_simulation ;
; EDA_SIMULATION_TOOL                  ; ModelSim-Altera (VHDL)                ; <None>        ; --          ; --             ;
; EDA_TEST_BENCH_ENABLE_STATUS         ; TEST_BENCH_MODE                       ; --            ; --          ; eda_simulation ;
; EDA_TEST_BENCH_FILE                  ; tb3_1.vhd                             ; --            ; --          ; tb3_1          ;
; EDA_TEST_BENCH_FILE                  ; tb3_2.vhd                             ; --            ; --          ; tb3_2          ;
; EDA_TEST_BENCH_FILE                  ; tb3_7.vhd                             ; --            ; --          ; tb3_7          ;
; EDA_TEST_BENCH_FILE                  ; tb3_8.vhd                             ; --            ; --          ; tb3_8          ;
; EDA_TEST_BENCH_FILE                  ; tb3_9.vhd                             ; --            ; --          ; tb3_9          ;
; EDA_TEST_BENCH_FILE                  ; tb3_13.vhd                            ; --            ; --          ; tb3_13         ;
; EDA_TEST_BENCH_FILE                  ; tb3_10.vhd                            ; --            ; --          ; tb3_10         ;
; EDA_TEST_BENCH_FILE                  ; tb3_12.vhd                            ; --            ; --          ; tb3_12         ;
; EDA_TEST_BENCH_FILE                  ; tb3_3.vhd                             ; --            ; --          ; tb3_3          ;
; EDA_TEST_BENCH_FILE                  ; tb3_4.vhd                             ; --            ; --          ; tb3_4          ;
; EDA_TEST_BENCH_FILE                  ; tb3_6.vhd                             ; --            ; --          ; tb3_6          ;
; EDA_TEST_BENCH_FILE                  ; tbdiv.vhd                             ; --            ; --          ; tbdiv          ;
; EDA_TEST_BENCH_FILE                  ; tb3_5.vhd                             ; --            ; --          ; tb3_5          ;
; EDA_TEST_BENCH_FILE                  ; tb3_11.vhd                            ; --            ; --          ; tb3_11         ;
; EDA_TEST_BENCH_FILE                  ; ld_tb.vhd                             ; --            ; --          ; ld_tb          ;
; EDA_TEST_BENCH_FILE                  ; ld2_tb.vhd                            ; --            ; --          ; ld2_tb         ;
; EDA_TEST_BENCH_FILE                  ; ldi_tb.vhd                            ; --            ; --          ; ldi_tb         ;
; EDA_TEST_BENCH_FILE                  ; ldi2_tb.vhd                           ; --            ; --          ; ldi2_tb        ;
; EDA_TEST_BENCH_FILE                  ; st1_tb.vhd                            ; --            ; --          ; st1_tb         ;
; EDA_TEST_BENCH_FILE                  ; st2_tb.vhd                            ; --            ; --          ; st2_tb         ;
; EDA_TEST_BENCH_FILE                  ; addi_tb.vhd                           ; --            ; --          ; addi_tb        ;
; EDA_TEST_BENCH_FILE                  ; andi_tb.vhd                           ; --            ; --          ; andi_tb        ;
; EDA_TEST_BENCH_FILE                  ; ori_tb.vhd                            ; --            ; --          ; ori_tb         ;
; EDA_TEST_BENCH_FILE                  ; brzr_tb.vhd                           ; --            ; --          ; brzr_tb        ;
; EDA_TEST_BENCH_FILE                  ; jr_tb.vhd                             ; --            ; --          ; jr_tb          ;
; EDA_TEST_BENCH_FILE                  ; jal_tb.vhd                            ; --            ; --          ; jal_tb         ;
; EDA_TEST_BENCH_FILE                  ; mfhi_tb.vhd                           ; --            ; --          ; mfhi_tb        ;
; EDA_TEST_BENCH_FILE                  ; mflo_tb.vhd                           ; --            ; --          ; mflo_tb        ;
; EDA_TEST_BENCH_FILE                  ; out_tb.vhd                            ; --            ; --          ; out_tb         ;
; EDA_TEST_BENCH_FILE                  ; in_tb.vhd                             ; --            ; --          ; in_tb          ;
; EDA_TEST_BENCH_FILE                  ; brnz_tb.vhd                           ; --            ; --          ; brnz_tb        ;
; EDA_TEST_BENCH_FILE                  ; brpl_tb.vhd                           ; --            ; --          ; brpl_tb        ;
; EDA_TEST_BENCH_FILE                  ; brmi_tb.vhd                           ; --            ; --          ; brmi_tb        ;
; EDA_TEST_BENCH_MODULE_NAME           ; tb3_1                                 ; --            ; --          ; tb3_1          ;
; EDA_TEST_BENCH_MODULE_NAME           ; tb3_2                                 ; --            ; --          ; tb3_2          ;
; EDA_TEST_BENCH_MODULE_NAME           ; tb3_7                                 ; --            ; --          ; tb3_7          ;
; EDA_TEST_BENCH_MODULE_NAME           ; tb3_8                                 ; --            ; --          ; tb3_8          ;
; EDA_TEST_BENCH_MODULE_NAME           ; tb3_9                                 ; --            ; --          ; tb3_9          ;
; EDA_TEST_BENCH_MODULE_NAME           ; tb3_13                                ; --            ; --          ; tb3_13         ;
; EDA_TEST_BENCH_MODULE_NAME           ; tb3_10                                ; --            ; --          ; tb3_10         ;
; EDA_TEST_BENCH_MODULE_NAME           ; tb3_12                                ; --            ; --          ; tb3_12         ;
; EDA_TEST_BENCH_MODULE_NAME           ; tb3_3                                 ; --            ; --          ; tb3_3          ;
; EDA_TEST_BENCH_MODULE_NAME           ; tb3_4                                 ; --            ; --          ; tb3_4          ;
; EDA_TEST_BENCH_MODULE_NAME           ; tb3_6                                 ; --            ; --          ; tb3_6          ;
; EDA_TEST_BENCH_MODULE_NAME           ; tbdiv                                 ; --            ; --          ; tbdiv          ;
; EDA_TEST_BENCH_MODULE_NAME           ; tb3_5                                 ; --            ; --          ; tb3_5          ;
; EDA_TEST_BENCH_MODULE_NAME           ; tb3_11                                ; --            ; --          ; tb3_11         ;
; EDA_TEST_BENCH_MODULE_NAME           ; ld_tb                                 ; --            ; --          ; ld_tb          ;
; EDA_TEST_BENCH_MODULE_NAME           ; ld2_tb                                ; --            ; --          ; ld2_tb         ;
; EDA_TEST_BENCH_MODULE_NAME           ; ldi_tb                                ; --            ; --          ; ldi_tb         ;
; EDA_TEST_BENCH_MODULE_NAME           ; ldi2_tb                               ; --            ; --          ; ldi2_tb        ;
; EDA_TEST_BENCH_MODULE_NAME           ; st1_tb                                ; --            ; --          ; st1_tb         ;
; EDA_TEST_BENCH_MODULE_NAME           ; st2_tb                                ; --            ; --          ; st2_tb         ;
; EDA_TEST_BENCH_MODULE_NAME           ; addi_tb                               ; --            ; --          ; addi_tb        ;
; EDA_TEST_BENCH_MODULE_NAME           ; andi_tb                               ; --            ; --          ; andi_tb        ;
; EDA_TEST_BENCH_MODULE_NAME           ; ori_tb                                ; --            ; --          ; ori_tb         ;
; EDA_TEST_BENCH_MODULE_NAME           ; brzr_tb                               ; --            ; --          ; brzr_tb        ;
; EDA_TEST_BENCH_MODULE_NAME           ; jr_tb                                 ; --            ; --          ; jr_tb          ;
; EDA_TEST_BENCH_MODULE_NAME           ; jal_tb                                ; --            ; --          ; jal_tb         ;
; EDA_TEST_BENCH_MODULE_NAME           ; mfhi_tb                               ; --            ; --          ; mfhi_tb        ;
; EDA_TEST_BENCH_MODULE_NAME           ; mflo_tb                               ; --            ; --          ; mflo_tb        ;
; EDA_TEST_BENCH_MODULE_NAME           ; out_tb                                ; --            ; --          ; out_tb         ;
; EDA_TEST_BENCH_MODULE_NAME           ; in_tb                                 ; --            ; --          ; in_tb          ;
; EDA_TEST_BENCH_MODULE_NAME           ; brnz_tb                               ; --            ; --          ; brnz_tb        ;
; EDA_TEST_BENCH_MODULE_NAME           ; brpl_tb                               ; --            ; --          ; brpl_tb        ;
; EDA_TEST_BENCH_MODULE_NAME           ; brmi_tb                               ; --            ; --          ; brmi_tb        ;
; EDA_TEST_BENCH_NAME                  ; tb3_1                                 ; --            ; --          ; eda_simulation ;
; EDA_TEST_BENCH_NAME                  ; tb3_2                                 ; --            ; --          ; eda_simulation ;
; EDA_TEST_BENCH_NAME                  ; tb3_7                                 ; --            ; --          ; eda_simulation ;
; EDA_TEST_BENCH_NAME                  ; tb3_8                                 ; --            ; --          ; eda_simulation ;
; EDA_TEST_BENCH_NAME                  ; tb3_9                                 ; --            ; --          ; eda_simulation ;
; EDA_TEST_BENCH_NAME                  ; tb3_13                                ; --            ; --          ; eda_simulation ;
; EDA_TEST_BENCH_NAME                  ; tb3_10                                ; --            ; --          ; eda_simulation ;
; EDA_TEST_BENCH_NAME                  ; tb3_12                                ; --            ; --          ; eda_simulation ;
; EDA_TEST_BENCH_NAME                  ; tb3_3                                 ; --            ; --          ; eda_simulation ;
; EDA_TEST_BENCH_NAME                  ; tb3_4                                 ; --            ; --          ; eda_simulation ;
; EDA_TEST_BENCH_NAME                  ; tb3_6                                 ; --            ; --          ; eda_simulation ;
; EDA_TEST_BENCH_NAME                  ; tbdiv                                 ; --            ; --          ; eda_simulation ;
; EDA_TEST_BENCH_NAME                  ; tb3_5                                 ; --            ; --          ; eda_simulation ;
; EDA_TEST_BENCH_NAME                  ; tb3_11                                ; --            ; --          ; eda_simulation ;
; EDA_TEST_BENCH_NAME                  ; ld_tb                                 ; --            ; --          ; eda_simulation ;
; EDA_TEST_BENCH_NAME                  ; ld2_tb                                ; --            ; --          ; eda_simulation ;
; EDA_TEST_BENCH_NAME                  ; ldi_tb                                ; --            ; --          ; eda_simulation ;
; EDA_TEST_BENCH_NAME                  ; ldi2_tb                               ; --            ; --          ; eda_simulation ;
; EDA_TEST_BENCH_NAME                  ; st1_tb                                ; --            ; --          ; eda_simulation ;
; EDA_TEST_BENCH_NAME                  ; st2_tb                                ; --            ; --          ; eda_simulation ;
; EDA_TEST_BENCH_NAME                  ; addi_tb                               ; --            ; --          ; eda_simulation ;
; EDA_TEST_BENCH_NAME                  ; andi_tb                               ; --            ; --          ; eda_simulation ;
; EDA_TEST_BENCH_NAME                  ; ori_tb                                ; --            ; --          ; eda_simulation ;
; EDA_TEST_BENCH_NAME                  ; brzr_tb                               ; --            ; --          ; eda_simulation ;
; EDA_TEST_BENCH_NAME                  ; jr_tb                                 ; --            ; --          ; eda_simulation ;
; EDA_TEST_BENCH_NAME                  ; jal_tb                                ; --            ; --          ; eda_simulation ;
; EDA_TEST_BENCH_NAME                  ; mfhi_tb                               ; --            ; --          ; eda_simulation ;
; EDA_TEST_BENCH_NAME                  ; mflo_tb                               ; --            ; --          ; eda_simulation ;
; EDA_TEST_BENCH_NAME                  ; out_tb                                ; --            ; --          ; eda_simulation ;
; EDA_TEST_BENCH_NAME                  ; in_tb                                 ; --            ; --          ; eda_simulation ;
; EDA_TEST_BENCH_NAME                  ; brnz_tb                               ; --            ; --          ; eda_simulation ;
; EDA_TEST_BENCH_NAME                  ; brpl_tb                               ; --            ; --          ; eda_simulation ;
; EDA_TEST_BENCH_NAME                  ; brmi_tb                               ; --            ; --          ; eda_simulation ;
; EDA_TEST_BENCH_RUN_SIM_FOR           ; 500 ns                                ; --            ; --          ; tb3_1          ;
; EDA_TEST_BENCH_RUN_SIM_FOR           ; 500 ns                                ; --            ; --          ; tb3_2          ;
; EDA_TEST_BENCH_RUN_SIM_FOR           ; 500 ns                                ; --            ; --          ; tb3_7          ;
; EDA_TEST_BENCH_RUN_SIM_FOR           ; 500 ns                                ; --            ; --          ; tb3_8          ;
; EDA_TEST_BENCH_RUN_SIM_FOR           ; 500 ns                                ; --            ; --          ; tb3_9          ;
; EDA_TEST_BENCH_RUN_SIM_FOR           ; 500 ns                                ; --            ; --          ; tb3_13         ;
; EDA_TEST_BENCH_RUN_SIM_FOR           ; 500 ns                                ; --            ; --          ; tb3_10         ;
; EDA_TEST_BENCH_RUN_SIM_FOR           ; 500 ns                                ; --            ; --          ; tb3_12         ;
; EDA_TEST_BENCH_RUN_SIM_FOR           ; 500 ns                                ; --            ; --          ; tb3_3          ;
; EDA_TEST_BENCH_RUN_SIM_FOR           ; 500 ns                                ; --            ; --          ; tb3_4          ;
; EDA_TEST_BENCH_RUN_SIM_FOR           ; 500 ns                                ; --            ; --          ; tb3_6          ;
; EDA_TEST_BENCH_RUN_SIM_FOR           ; 500 ns                                ; --            ; --          ; tbdiv          ;
; EDA_TEST_BENCH_RUN_SIM_FOR           ; 500 ns                                ; --            ; --          ; tb3_5          ;
; EDA_TEST_BENCH_RUN_SIM_FOR           ; 600 ns                                ; --            ; --          ; tb3_11         ;
; EDA_TEST_BENCH_RUN_SIM_FOR           ; 500 ns                                ; --            ; --          ; ld_tb          ;
; EDA_TEST_BENCH_RUN_SIM_FOR           ; 500 ns                                ; --            ; --          ; ld2_tb         ;
; EDA_TEST_BENCH_RUN_SIM_FOR           ; 500 ns                                ; --            ; --          ; ldi_tb         ;
; EDA_TEST_BENCH_RUN_SIM_FOR           ; 500 ns                                ; --            ; --          ; ldi2_tb        ;
; EDA_TEST_BENCH_RUN_SIM_FOR           ; 500 ns                                ; --            ; --          ; st1_tb         ;
; EDA_TEST_BENCH_RUN_SIM_FOR           ; 500 ns                                ; --            ; --          ; st2_tb         ;
; EDA_TEST_BENCH_RUN_SIM_FOR           ; 500 ns                                ; --            ; --          ; addi_tb        ;
; EDA_TEST_BENCH_RUN_SIM_FOR           ; 500 ns                                ; --            ; --          ; andi_tb        ;
; EDA_TEST_BENCH_RUN_SIM_FOR           ; 500 ns                                ; --            ; --          ; ori_tb         ;
; EDA_TEST_BENCH_RUN_SIM_FOR           ; 500 ns                                ; --            ; --          ; brzr_tb        ;
; EDA_TEST_BENCH_RUN_SIM_FOR           ; 500 ns                                ; --            ; --          ; jr_tb          ;
; EDA_TEST_BENCH_RUN_SIM_FOR           ; 500 ns                                ; --            ; --          ; jal_tb         ;
; EDA_TEST_BENCH_RUN_SIM_FOR           ; 500 ns                                ; --            ; --          ; mfhi_tb        ;
; EDA_TEST_BENCH_RUN_SIM_FOR           ; 500 ns                                ; --            ; --          ; mflo_tb        ;
; EDA_TEST_BENCH_RUN_SIM_FOR           ; 500 ns                                ; --            ; --          ; out_tb         ;
; EDA_TEST_BENCH_RUN_SIM_FOR           ; 500 ns                                ; --            ; --          ; in_tb          ;
; EDA_TEST_BENCH_RUN_SIM_FOR           ; 500 ns                                ; --            ; --          ; brnz_tb        ;
; EDA_TEST_BENCH_RUN_SIM_FOR           ; 500 ns                                ; --            ; --          ; brpl_tb        ;
; EDA_TEST_BENCH_RUN_SIM_FOR           ; 500 ns                                ; --            ; --          ; brmi_tb        ;
; MAX_CORE_JUNCTION_TEMP               ; 85                                    ; --            ; --          ; --             ;
; MIN_CORE_JUNCTION_TEMP               ; 0                                     ; --            ; --          ; --             ;
; NOMINAL_CORE_SUPPLY_VOLTAGE          ; 1.2V                                  ; --            ; --          ; --             ;
; PARTITION_COLOR                      ; 16764057                              ; --            ; datapath    ; Top            ;
; PARTITION_FITTER_PRESERVATION_LEVEL  ; PLACEMENT_AND_ROUTING                 ; --            ; datapath    ; Top            ;
; PARTITION_NETLIST_TYPE               ; SOURCE                                ; --            ; datapath    ; Top            ;
; POWER_BOARD_THERMAL_MODEL            ; None (CONSERVATIVE)                   ; --            ; --          ; --             ;
; POWER_PRESET_COOLING_SOLUTION        ; 23 MM HEAT SINK WITH 200 LFPM AIRFLOW ; --            ; --          ; --             ;
; PROJECT_OUTPUT_DIRECTORY             ; output_files                          ; --            ; --          ; --             ;
; TOP_LEVEL_ENTITY                     ; datapath                              ; ALU           ; --          ; --             ;
+--------------------------------------+---------------------------------------+---------------+-------------+----------------+


+--------------------------------------------------------------------------------------------------------------------------+
; Flow Elapsed Time                                                                                                        ;
+----------------------+--------------+-------------------------+---------------------+------------------------------------+
; Module Name          ; Elapsed Time ; Average Processors Used ; Peak Virtual Memory ; Total CPU Time (on all processors) ;
+----------------------+--------------+-------------------------+---------------------+------------------------------------+
; Analysis & Synthesis ; 00:00:54     ; 1.0                     ; 4697 MB             ; 00:00:54                           ;
; Total                ; 00:00:54     ; --                      ; --                  ; 00:00:54                           ;
+----------------------+--------------+-------------------------+---------------------+------------------------------------+


+-----------------------------------------------------------------------------------+
; Flow OS Summary                                                                   ;
+----------------------+------------------+-----------+------------+----------------+
; Module Name          ; Machine Hostname ; OS Name   ; OS Version ; Processor type ;
+----------------------+------------------+-----------+------------+----------------+
; Analysis & Synthesis ; DESKTOP-2IAIRF5  ; Windows 7 ; 6.2        ; x86_64         ;
+----------------------+------------------+-----------+------------+----------------+


------------
; Flow Log ;
------------
quartus_map --read_settings_files=on --write_settings_files=off ALU -c ALU



